// Jest Snapshot v1, https://goo.gl/fbAQLP

exports[`Footer Component Should render properly 1`] = `
<DocumentFragment>
  <footer
    class="fixed bottom-0 left-0 flex w-full flex-wrap items-center justify-center gap-4 border-t border-t-primary/20 p-2 text-primary/50 sm:gap-6 sm:p-4"
  >
    <a
      class="hover:text-primary"
      href="#"
    >
      Privacy Policy
    </a>
    <a
      class="hover:text-primary"
      href="#"
    >
      Terms
    </a>
    <a
      class="hidden hover:text-primary sm:inline-block"
      href="#"
    >
      Cookies Policy
    </a>
    <a
      class="hover:text-primary"
      href="#"
    >
       Â© Talk Tide 2023
    </a>
  </footer>
</DocumentFragment>
`;
