// Jest Snapshot v1, https://goo.gl/fbAQLP

exports[`GroupChatDetailsModal Component Should render properly & match snapshot 1`] = `<DocumentFragment />`;
